// Jest Snapshot v1, https://goo.gl/fbAQLP

exports[`cli requests for missing option: output 1`] = `"Process exited with code: 1"`;

exports[`cli requests for missing option: pattern 1`] = `"Process exited with code: 1"`;
